===== 2026-07-06 09:00:01 sync start =====
Sync complete. 26 tracker rows updated from Notion, statuses normalized, and only `data/applications.md` was touched. Nothing was submitted anywhere.

## Rows changed (26)

**Applied → Rejected (18):** JTI #115 (2026-06-27), myStromer #116 (06-29), Talent & Leadership Solutions #113 (07-03), RUAG Director BD Suisse Romandie #112 (06-29), Energie 360° #110 (06-30), Decathlon #78 (06-26), Pilatus Flugzeugwerke #71 (06-25), SAK #67 (06-03), Implenia #62 (06-29), On Running Senior Lead Corp Strategy #60 (05-27), On Running CoS Retail Strategy #56 (05-26), Threema Manager Strategic Partnerships #50 (05-18), RBI #47 (05-29), Julius Baer Business Manager COO #48 (05-19), Benetics AI PM #43 (05-18), Julius Bär GPS #16 (06-03, position filled), MET Group #20 (05-28), plus each with the rejection reason appended to Notes.

**→ Interview (3):** Artefact #74 (ITW 2026-07-09), BGP AG #55 (ITW 06-16), BGP/Ivoclar #101 (ITW 06-24).

**Evaluated → Rejected (3):** CMS Manager BD #87 and its duplicate #13 (rejected 05-08, no tax-reclaim experience), Optiml #68 (applied 03-19, rejected 05-13).

**Evaluated → Applied (3):** Michael Page Defense #79 (applied 05-09), Rotzinger #8 (applied 05-09), vlot Strategy & Ops #99 (applied 04-19) — Notion shows you actually applied to these.

## Discrepancies I did NOT apply (would be downgrades — please confirm)

- **FELFEL #121**: tracker says Rejected, Notion still says Applied — Notion looks stale, kept Rejected.
- **Roche #75**: tracker Applied (both sources agree you applied 06-08), but Notion status is "In progress" which maps to Evaluated — kept Applied.
- **TW1 #45**: tracker Rejected, Notion says Interview (ITW 2026-04-13, before the rejection) — Notion stale, kept Rejected.
- **Optiml #98** (SKIP, duplicate of #68): left as SKIP to preserve the "don't re-apply" decision; the rejection is recorded on #68.
- **Cerrion AE**: Notion has a separate Feb application (rejected 02-24); tracker #114 matches the June application (Applied) — unchanged. Same pattern for Scandit (April application rejected; #49 matches the May one).

## Notion entries with no tracker row (not added, per instructions)

2026 entries: Gunia Consulting (CoS, Rejected), Private Flight, Emerald Tech Ventures (Rejected), Risskov ×2, Benetics Head of Growth (Rejected), CMS Chief of Staff, Swift Beat (Rejected), Hitachi, Viboo (Rejected), enshift (Rejected), Vertt (Rejected), Cognite, Amazon AWS (Rejected), Visiativ (Rejected), Click, Bopp, Audi F1 (Rejected), Ecolab, Asus, Care Preventive (Rejected), Ashby (Rejected), Jobgether Ops Manager, Pilatus CEO Office March application (Rejected), Pilatus PMO Lead (Rejected), Cradle (Rejected), "Head of AI First Services Team", Daedalean, athagoras, ETH AI Center (Rejected), Personal Knobel, JCW Group, Lightly (Rejected), COFRA (Rejected), e3 AG (Rejected), Properti (Rejected), Belimo, Expeerly COO (Rejected), QAI Ventures (Rejected), Abraxas, Farmy, ZEISS, Swiss Re, Salesforce Commerce Cloud AE (Rejected), upVolt, Avaloq, Electrolux (Rejected), Optima/Trafag KAM Healthcare, Knecht Gruppe, Studyflash, Bucher Leichtbau, Lufthansa EFA ATPL ×2, Luxair Pilot Cadet. (~60 more entries from 2021–2022 predate the tracker entirely — skipped.)

## Health checks

`normalize-statuses` made no further changes. `verify-pipeline` reports 60 errors, all pre-existing and untouched by this sync: legacy score formats (`A/5`, `B-fit`, `—`) and missing report files on old rows. One real defect I part-fixed: row #116 (myStromer) has a raw `|` inside the role name that shifts its columns — I escaped it to `\|` so markdown renders correctly, but the verifier splits on raw pipes and still misparses that row; a proper fix means rewording the Role cell, which was out of scope today.

Also: a career-ops update is available (v1.10.0 → v1.17.0) — your data won't be touched; say the word if you want it applied.
===== 2026-07-06 09:11:40 sync end (exit 0) =====
===== 2026-07-13 09:00:02 sync start =====
Done. `verify-pipeline.mjs` runs and flags only **pre-existing** issues (missing report files, legacy `A/5`/`B/5` score formats) — none introduced by this sync; all four rows I touched carry canonical statuses. `normalize-statuses.mjs` can't run: it imports `tracker-utils.mjs`, which is absent from the repo *and* from git — a pre-existing system-file breakage, not something my edit caused and not mine to fix.

## Notion → tracker sync summary (2026-07-13)

**Rows changed (4)** — only `data/applications.md`, Status + Notes columns:

| # | Company / Role | Old → New | Notion basis |
|---|---|---|---|
| 117 | Nefab — Head of Product | Applied → **Rejected** | Rejected 2026-07-06 (Batterman Consulting: profile not matching client's full requirements) |
| 75 | Roche — Cross-Portfolio Manager | Interview → **Rejected** | Rejected 2026-07-10 (post video-assessment, standard decline) |
| 37 | NetApp — Director, CoS GTM EMEA & LATAM | Applied → **Rejected** | Rejected 2026-07-08 (pre-interview decline) |
| 140 | Micro Mobility Systems — Manager Operations | Evaluated → **Applied** | Notion shows Applied 2026-07-10 (tracker had it as "pending review") |

**Conflicts NOT changed (Notion is staler — would regress the tracker):**
- **#121 FELFEL — BD Manager**: tracker `Rejected`, Notion still `Applied`. Left as Rejected.
- **#45 TW1 Management — Corp Dev**: tracker `Rejected`, Notion still `Interview` (interview was April, rejection came after). Left as Rejected.

**All other matched rows already in sync** — every 2026 Notion Applied/Rejected/Interview outcome already matched its tracker row's status (Sika, RUAG, Implenia, Decathlon, JTI, myStromer, Energie 360, BGP/Ivoclar, Artefact, etc.).

**Notion entries with NO tracker match (not added, per instructions):**
- **Legacy demo block (~80 rows, 2021–2022):** original santifer VC/investment/consulting applications (Greenwich Partners, ZKB, Verve, UBS, Bain, Oliver Wyman, Emerald, F10, …). Not Raphael's — ignore.
- **2026 apps not in the local tracker (~55):** Private Flight, Risskov, CMS *Chief of Staff*, Gunia Consulting, Swift Beat, Hitachi, Viboo, enshift, Cognite, Amazon, Visiativ, Click, Bopp, Audi F1, Ecolab, Asus, Care Preventive, Ashby, Jobgether *Operations Manager*, Pilatus *(a)*, Cradle, "Head of AI First Services Team", Daedalean, athagoras, ETH AI Center, Personal Knobel, JCW Group, Lightly, COFRA, e3, Properti, Belimo, Expeerly, QAI Ventures, Abraxas, Pilatus PMO, Farmy, ZEISS, Swiss Re, upVolt, Avaloq, Electrolux, Optima/Trafag KAM Healthcare, Knecht Gruppe, Studyflash, Bucher Leichtbau, Lufthansa (ATPL ×2), Luxair, plus the earlier Cerrion AE (Feb) and Scandit (Apr) duplicates. These are genuinely Raphael's applications the career-ops tracker never ingested — left untouched.

Nothing submitted; no file other than `data/applications.md` edited.
===== 2026-07-13 09:07:27 sync end (exit 0) =====
